2026-06-01 11:13:58 [INFO] pipeline: Logger initialized — writing to logs/pipeline_2026-06-01.log
2026-06-01 11:13:58 [INFO] pipeline: Pipeline started — scenario: Normal, horizon: 30 days
2026-06-01 11:14:01 [INFO] pipeline: Processing 5 items with sufficient data.
2026-06-01 11:14:05 [INFO] pipeline: Forecasts generated for 5 items.
2026-06-01 11:14:08 [INFO] pipeline: Pipeline complete in 9.31s — 5 items processed.
2026-06-01 11:14:14 [INFO] pipeline: Logger initialized — writing to logs/pipeline_2026-06-01.log
2026-06-01 11:14:14 [INFO] pipeline: Pipeline started — scenario: Normal, horizon: 30 days
2026-06-01 11:14:18 [INFO] pipeline: Processing 5 items with sufficient data.
2026-06-01 11:14:22 [INFO] pipeline: Forecasts generated for 5 items.
2026-06-01 11:14:24 [INFO] pipeline: Pipeline complete in 10.38s — 5 items processed.
2026-06-01 11:16:47 [INFO] pipeline: Logger initialized — writing to logs/pipeline_2026-06-01.log
2026-06-01 11:16:47 [INFO] pipeline: Pipeline started — scenario: Normal, horizon: 30 days
2026-06-01 11:16:49 [INFO] pipeline: Processing 5 items with sufficient data.
2026-06-01 11:16:53 [INFO] pipeline: Forecasts generated for 5 items.
2026-06-01 11:16:57 [INFO] pipeline: Forecast results saved to forecast_output table.
2026-06-01 11:16:59 [INFO] pipeline: Pipeline complete in 11.7s — 5 items processed.
2026-06-01 11:20:16 [INFO] pipeline: Logger initialized — writing to logs/pipeline_2026-06-01.log
2026-06-01 11:21:23 [INFO] pipeline: Pipeline started — scenario: Normal, horizon: 30 days
2026-06-01 11:21:24 [INFO] pipeline: Processing 20 items with sufficient data.
2026-06-01 11:22:00 [INFO] pipeline: Forecasts generated for 20 items.
2026-06-01 11:22:02 [INFO] pipeline: Forecast results saved to forecast_output table.
2026-06-01 11:22:05 [INFO] pipeline: Pipeline complete in 41.59s — 20 items processed.
2026-06-01 11:23:22 [INFO] pipeline: Logger initialized — writing to logs/pipeline_2026-06-01.log
2026-06-01 11:23:57 [INFO] pipeline: Pipeline started — scenario: Normal, horizon: 30 days
2026-06-01 11:23:57 [INFO] pipeline: Processing 20 items with sufficient data.
2026-06-01 11:24:40 [INFO] pipeline: Forecasts generated for 20 items.
2026-06-01 11:24:42 [INFO] pipeline: Forecast results saved to forecast_output table.
2026-06-01 11:24:45 [INFO] pipeline: Pipeline complete in 47.85s — 20 items processed.
